Microsoft (R) Macro Assembler Version 14.35.32216.1	    07/27/23 18:49:27
vars.as						     Page 1 - 1


				title vars.asm
				option casemap:none

				.386
				.model flat, stdcall

				public count, SYM1

 = 0000000A			SYM1 = 10

 00000000			.data
 00000000 00000000		    count dword 0

				end
Microsoft (R) Macro Assembler Version 14.35.32216.1	    07/27/23 18:49:27
vars.as						     Symbols 2 - 1




Segments and Groups:

                N a m e                 Size     Length   Align   Combine Class

FLAT . . . . . . . . . . . . . .	GROUP
_DATA  . . . . . . . . . . . . .	32 Bit	 00000004 DWord	  Public  'DATA'	
_TEXT  . . . . . . . . . . . . .	32 Bit	 00000000 DWord	  Public  'CODE'	


Symbols:

                N a m e                 Type     Value    Attr

@CodeSize  . . . . . . . . . . .	Number	 00000000h   
@DataSize  . . . . . . . . . . .	Number	 00000000h   
@Interface . . . . . . . . . . .	Number	 00000003h   
@Model . . . . . . . . . . . . .	Number	 00000007h   
@code  . . . . . . . . . . . . .	Text   	 _TEXT
@data  . . . . . . . . . . . . .	Text   	 FLAT
@fardata?  . . . . . . . . . . .	Text   	 FLAT
@fardata . . . . . . . . . . . .	Text   	 FLAT
@stack . . . . . . . . . . . . .	Text   	 FLAT
SYM1 . . . . . . . . . . . . . .	Number	 0000000Ah   Public
count  . . . . . . . . . . . . .	DWord	 00000000 _DATA	Public STDCALL

	   0 Warnings
	   0 Errors
