Microsoft (R) Macro Assembler Version 14.35.32216.1	    07/27/23 19:12:56
"ArraySum Procedure (_arraysum.asm			     Page 1 - 1


				title ArraySum Procedure (_arraysum.asm)

				option casemap:none

				.386
				.model flat, stdcall

 00000000			.code
 00000000			ArraySum proc stdcall
				; ------------------------------------------------------------------------------
				; Calculates the sum of an array of 32-bit integers.
				; Receives:
				;   ptrArray ; pointer to array
				;   arraySize; size of array (DWORD)
				; Returns: EAX = sum
				; ------------------------------------------------------------------------------
 = [ebp+8]			    ptrArray  equ [ebp+8]
 = [ebp+12]			    arraySize equ [ebp+12]
				    
 00000000  55			    push ebp
 00000001  8B EC		    mov ebp, esp
				    
 00000003  51			    push ecx                ; don't push EAX
 00000004  56			    push esi
				    
 00000005  B8 00000000		    mov eax, 0              ; set the sum to zero
 0000000A  8B 75 08		    mov esi, ptrArray
 0000000D  8B 4D 0C		    mov ecx, arraySize
				    
 00000010  83 F9 00		    cmp ecx,0               ; array size <= 0?
 00000013  7E 07		    jle L2                  ; yes: quit
				    
 00000015  03 06		L1:	add eax, [esi]          ; add each integer to sum
 00000017  83 C6 04		    add esi, 4              ; point to next integer
 0000001A  E2 F9		    loop L1                 ; repeat for array size
				    
 0000001C  5E			L2:	pop esi
 0000001D  59			    pop ecx                 ; return sum in EAX
				    
 0000001E  8B E5		    mov esp, ebp
 00000020  5D			    pop ebp
 00000021  C2 0008		    ret	8
 00000024			ArraySum endp

				end
Microsoft (R) Macro Assembler Version 14.35.32216.1	    07/27/23 19:12:56
"ArraySum Procedure (_arraysum.asm			     Symbols 2 - 1




Segments and Groups:

                N a m e                 Size     Length   Align   Combine Class

FLAT . . . . . . . . . . . . . .	GROUP
_DATA  . . . . . . . . . . . . .	32 Bit	 00000000 DWord	  Public  'DATA'	
_TEXT  . . . . . . . . . . . . .	32 Bit	 00000024 DWord	  Public  'CODE'	


Procedures, parameters, and locals:

                N a m e                 Type     Value    Attr

ArraySum . . . . . . . . . . . .	P Near	 00000000 _TEXT	Length= 00000024 Public STDCALL
  L1 . . . . . . . . . . . . . .	L Near	 00000015 _TEXT	
  L2 . . . . . . . . . . . . . .	L Near	 0000001C _TEXT	


Symbols:

                N a m e                 Type     Value    Attr

@CodeSize  . . . . . . . . . . .	Number	 00000000h   
@DataSize  . . . . . . . . . . .	Number	 00000000h   
@Interface . . . . . . . . . . .	Number	 00000003h   
@Model . . . . . . . . . . . . .	Number	 00000007h   
@code  . . . . . . . . . . . . .	Text   	 _TEXT
@data  . . . . . . . . . . . . .	Text   	 FLAT
@fardata?  . . . . . . . . . . .	Text   	 FLAT
@fardata . . . . . . . . . . . .	Text   	 FLAT
@stack . . . . . . . . . . . . .	Text   	 FLAT
arraySize  . . . . . . . . . . .	Text   	 [ebp+12]
ptrArray . . . . . . . . . . . .	Text   	 [ebp+8]

	   0 Warnings
	   0 Errors
