Microsoft (R) Macro Assembler Version 14.35.32216.1	    07/27/23 18:49:27
!Swap Procedure Example (swap.asm			     Page 1 - 1


				title Swap Procedure Example (swap.asm)

				.386
				.model flat, stdcall
				.stack 4096

				DumpMem     proto
				Swap        proto, pValX:ptr dword,
				                   pValY:ptr dword
				WaitMsg     proto
				ExitProcess proto, dwExitCode:dword

 00000000			.data
 00000000 00010000		    array dword 10000h, 20000h
	   00020000
 00000000			.code
 00000000			main proc
				    ; Display the array before the exchange:
 00000000  BE 00000000 R	    mov esi, offset array
 00000005  B9 00000002		    mov ecx, 2                      ; count = 2
 0000000A  BB 00000004		    mov ebx, type array
 0000000F  E8 00000000 E	    call DumpMem                    ; dump the array values

				    invoke Swap, addr array,
				                 addr [array + 4]
 00000014  68 00000004 R   *	    push   OFFSET array+000000004h
 00000019  68 00000000 R   *	    push   OFFSET array
 0000001E  E8 00000014	   *	    call   Swap

				    ; Display the array after the exchange:
 00000023  E8 00000000 E	    call DumpMem

 00000028  E8 00000000 E	    call WaitMsg

 0000002D  B9 00000000		    mov ecx, 0
 00000032  E8 00000000 E	    call ExitProcess
 00000037			main endp

				; ------------------------------------------------------------------------------
 00000037			Swap proc uses eax esi edi,
				    pValX:ptr dword,                ; pointer to first integer
				    pValY:ptr dword                 ; pointer to second integer
				;
				; Exchange the values of two 32-bit integers
				; Returns: nothing
				; ------------------------------------------------------------------------------
 00000037  55		   *	    push   ebp
 00000038  8B EC	   *	    mov    ebp, esp
 0000003A  50		   *	    push   eax
 0000003B  56		   *	    push   esi
 0000003C  57		   *	    push   edi
 0000003D  8B 75 08		    mov esi, pValX                  ; get pointers
 00000040  8B 7D 0C		    mov edi, pValY

 00000043  8B 06		    mov eax, [esi]                  ; get first integer
 00000045  87 07		    xchg eax, [edi]                 ; exchange with second
 00000047  89 06		    mov [esi], eax                  ; replace first integer

				    ret                             ; proc generates ret 8 here
 00000049  5F		   *	    pop    edi
 0000004A  5E		   *	    pop    esi
 0000004B  58		   *	    pop    eax
 0000004C  C9		   *	    leave  
 0000004D  C2 0008	   *	    ret    00008h
 00000050			Swap endp

				end main
Microsoft (R) Macro Assembler Version 14.35.32216.1	    07/27/23 18:49:27
!Swap Procedure Example (swap.asm			     Symbols 2 - 1




Segments and Groups:

                N a m e                 Size     Length   Align   Combine Class

FLAT . . . . . . . . . . . . . .	GROUP
STACK  . . . . . . . . . . . . .	32 Bit	 00001000 DWord	  Stack	  'STACK'	 
_DATA  . . . . . . . . . . . . .	32 Bit	 00000008 DWord	  Public  'DATA'	
_TEXT  . . . . . . . . . . . . .	32 Bit	 00000050 DWord	  Public  'CODE'	


Procedures, parameters, and locals:

                N a m e                 Type     Value    Attr

DumpMem  . . . . . . . . . . . .	P Near	 00000000 FLAT	Length= 00000000 External STDCALL
ExitProcess  . . . . . . . . . .	P Near	 00000000 FLAT	Length= 00000000 External STDCALL
Swap . . . . . . . . . . . . . .	P Near	 00000037 _TEXT	Length= 00000019 Public STDCALL
  pValX  . . . . . . . . . . . .	DWord	 bp + 00000008
  pValY  . . . . . . . . . . . .	DWord	 bp + 0000000C
WaitMsg  . . . . . . . . . . . .	P Near	 00000000 FLAT	Length= 00000000 External STDCALL
main . . . . . . . . . . . . . .	P Near	 00000000 _TEXT	Length= 00000037 Public STDCALL


Symbols:

                N a m e                 Type     Value    Attr

@CodeSize  . . . . . . . . . . .	Number	 00000000h   
@DataSize  . . . . . . . . . . .	Number	 00000000h   
@Interface . . . . . . . . . . .	Number	 00000003h   
@Model . . . . . . . . . . . . .	Number	 00000007h   
@code  . . . . . . . . . . . . .	Text   	 _TEXT
@data  . . . . . . . . . . . . .	Text   	 FLAT
@fardata?  . . . . . . . . . . .	Text   	 FLAT
@fardata . . . . . . . . . . . .	Text   	 FLAT
@stack . . . . . . . . . . . . .	Text   	 FLAT
array  . . . . . . . . . . . . .	DWord	 00000000 _DATA	

	   0 Warnings
	   0 Errors
