Microsoft (R) Macro Assembler Version 14.35.32216.1	    07/27/23 18:49:27
sub1.as						     Page 1 - 1


				title sub1.asm
				option casemap:none

				.386
				.model flat, stdcall

 00000000			.code
 00000000			sub1 proc
 00000000  E8 00000001		    call mySub
 00000005  C3			    ret
 00000006			sub1 endp

 00000006			mySub proc private
 00000006  C3			    ret
 00000007			mySub endp

				end
Microsoft (R) Macro Assembler Version 14.35.32216.1	    07/27/23 18:49:27
sub1.as						     Symbols 2 - 1




Segments and Groups:

                N a m e                 Size     Length   Align   Combine Class

FLAT . . . . . . . . . . . . . .	GROUP
_DATA  . . . . . . . . . . . . .	32 Bit	 00000000 DWord	  Public  'DATA'	
_TEXT  . . . . . . . . . . . . .	32 Bit	 00000007 DWord	  Public  'CODE'	


Procedures, parameters, and locals:

                N a m e                 Type     Value    Attr

mySub  . . . . . . . . . . . . .	P Near	 00000006 _TEXT	Length= 00000001 Private STDCALL
sub1 . . . . . . . . . . . . . .	P Near	 00000000 _TEXT	Length= 00000006 Public STDCALL


Symbols:

                N a m e                 Type     Value    Attr

@CodeSize  . . . . . . . . . . .	Number	 00000000h   
@DataSize  . . . . . . . . . . .	Number	 00000000h   
@Interface . . . . . . . . . . .	Number	 00000003h   
@Model . . . . . . . . . . . . .	Number	 00000007h   
@code  . . . . . . . . . . . . .	Text   	 _TEXT
@data  . . . . . . . . . . . . .	Text   	 FLAT
@fardata?  . . . . . . . . . . .	Text   	 FLAT
@fardata . . . . . . . . . . . .	Text   	 FLAT
@stack . . . . . . . . . . . . .	Text   	 FLAT

	   0 Warnings
	   0 Errors
